
> gymflow-frontend@0.1.0 build
> next build

Ôû▓ Next.js 16.2.10 (Turbopack)

  Creating an optimized production build ...
Ô£ô Compiled successfully in 5.6s
  Running TypeScript ...
  Finished TypeScript in 6.2s ...
  Collecting page data using 15 workers ...
  Generating static pages using 15 workers (0/14) ...
  Generating static pages using 15 workers (3/14) 
  Generating static pages using 15 workers (6/14) 
  Generating static pages using 15 workers (10/14) 
Ô£ô Generating static pages using 15 workers (14/14) in 442ms
  Finalizing page optimization ...

Route (app)
Ôöî ãÆ /
Ôö£ Ôùï /_not-found
Ôö£ ãÆ /api/auth/login
Ôö£ ãÆ /api/auth/logout
Ôö£ ãÆ /api/auth/register
Ôö£ ãÆ /api/auth/session
Ôö£ ãÆ /api/backend/[...path]
Ôö£ Ôùï /dashboard
Ôö£ Ôùï /dashboard/planes
Ôö£ Ôùï /dashboard/suscripciones
Ôö£ Ôùï /dashboard/usuarios
Ôö£ Ôùï /login
Ôöö Ôùï /register


ãÆ Proxy (Middleware)

Ôùï  (Static)   prerendered as static content
ãÆ  (Dynamic)  server-rendered on demand

